16007-08-1616T14:30:49.580361	DEBUG	todoapp/main.go:44	application time zone	{"zone": "UTC"}
16007-08-1616T14:30:49.580972	DEBUG	todoapp/main.go:46	initializing postgres connection pool
16007-08-1616T14:30:49.718924	DEBUG	todoapp/main.go:56	initializing feature	{"feature": "users"}
16007-08-1616T14:30:49.719524	DEBUG	todoapp/main.go:61	initializing feature	{"feature": "tasks"}
16007-08-1616T14:30:49.719524	DEBUG	todoapp/main.go:66	initializing HTTP server
16007-08-1616T14:30:49.720088	WARN	server/server.go:59	start HTTP server	{"addr": "0.0.0.0:8080"}
16007-08-1616T14:36:29.344237	DEBUG	middleware/common.go:60	>>> incoming HTTP request	{"request_id": "6175da4f-7c3a-4d4a-ac21-1bf96fce50a3", "url": "/api/v1/tasks/1", "time": "16007-08-1616T14:36:29.344237"}
16007-08-1616T14:36:29.419565	DEBUG	middleware/common.go:66	<<< done HTTP request	{"request_id": "6175da4f-7c3a-4d4a-ac21-1bf96fce50a3", "url": "/api/v1/tasks/1", "status_code": 200, "latency": "75.3279ms"}
16007-08-1616T14:36:33.650512	DEBUG	middleware/common.go:60	>>> incoming HTTP request	{"request_id": "ef540ef0-4db7-415b-b657-0f77de0427c9", "url": "/api/v1/tasks/2", "time": "16007-08-1616T14:36:33.650512"}
16007-08-1616T14:36:33.692150	DEBUG	response/handler.go:66	failed to get task	{"request_id": "ef540ef0-4db7-415b-b657-0f77de0427c9", "url": "/api/v1/tasks/2", "error": "get task from repository: task with id id='2': not found"}
16007-08-1616T14:36:33.693238	DEBUG	middleware/common.go:66	<<< done HTTP request	{"request_id": "ef540ef0-4db7-415b-b657-0f77de0427c9", "url": "/api/v1/tasks/2", "status_code": 404, "latency": "42.726ms"}
16007-08-1616T14:36:39.244648	DEBUG	middleware/common.go:60	>>> incoming HTTP request	{"request_id": "ba59caba-96e8-4fa2-950f-80034e37564d", "url": "/api/v1/tasks/3", "time": "16007-08-1616T14:36:39.244648"}
16007-08-1616T14:36:39.256765	DEBUG	middleware/common.go:66	<<< done HTTP request	{"request_id": "ba59caba-96e8-4fa2-950f-80034e37564d", "url": "/api/v1/tasks/3", "status_code": 200, "latency": "12.1163ms"}
16007-08-1616T14:36:43.896389	DEBUG	middleware/common.go:60	>>> incoming HTTP request	{"request_id": "196adf8f-b5b9-4f2a-8fe7-734dbbe6bd00", "url": "/api/v1/tasks/4", "time": "16007-08-1616T14:36:43.896389"}
16007-08-1616T14:36:43.902678	DEBUG	middleware/common.go:66	<<< done HTTP request	{"request_id": "196adf8f-b5b9-4f2a-8fe7-734dbbe6bd00", "url": "/api/v1/tasks/4", "status_code": 200, "latency": "6.2883ms"}
16007-08-1616T14:36:48.669669	DEBUG	middleware/common.go:60	>>> incoming HTTP request	{"request_id": "fdf24f7d-aa5b-46a4-a2e3-1d011697299c", "url": "/api/v1/tasks/5", "time": "16007-08-1616T14:36:48.669669"}
16007-08-1616T14:36:48.676379	DEBUG	response/handler.go:66	failed to get task	{"request_id": "fdf24f7d-aa5b-46a4-a2e3-1d011697299c", "url": "/api/v1/tasks/5", "error": "get task from repository: task with id id='5': not found"}
16007-08-1616T14:36:48.677868	DEBUG	middleware/common.go:66	<<< done HTTP request	{"request_id": "fdf24f7d-aa5b-46a4-a2e3-1d011697299c", "url": "/api/v1/tasks/5", "status_code": 404, "latency": "8.1992ms"}
16007-08-1616T14:50:10.501419	WARN	server/server.go:73	shutdown HTTP server...
16007-08-1616T14:50:10.502516	WARN	server/server.go:87	HTTP server stopped
